[
    {
        "suit": "Hearts",
        "faceValue": "A"
    },
    {
        "suit": "Hearts",
        "faceValue": "2"
    },
    {
        "suit": "Hearts",
        "faceValue": "3"
    },
    {
        "suit": "Hearts",
        "faceValue": "4"
    },
    {
        "suit": "Hearts",
        "faceValue": "5"
    },
    {
        "suit": "Hearts",
        "faceValue": "6"
    },
    {
        "suit": "Hearts",
        "faceValue": "7"
    },
    {
        "suit": "Hearts",
        "faceValue": "8"
    },
    {
        "suit": "Hearts",
        "faceValue": "9"
    },
    {
        "suit": "Hearts",
        "faceValue": "10"
    },
    {
        "suit": "Hearts",
        "faceValue": "J"
    },
    {
        "suit": "Hearts",
        "faceValue": "Q"
    },
    {
        "suit": "Hearts",
        "faceValue": "K"
    },
    {
        "suit": "Clubs",
        "faceValue": "A"
    },
    {
        "suit": "Clubs",
        "faceValue": "2"
    },
    {
        "suit": "Clubs",
        "faceValue": "3"
    },
    {
        "suit": "Clubs",
        "faceValue": "4"
    },
    {
        "suit": "Clubs",
        "faceValue": "5"
    },
    {
        "suit": "Clubs",
        "faceValue": "6"
    },
    {
        "suit": "Clubs",
        "faceValue": "7"
    },
    {
        "suit": "Clubs",
        "faceValue": "8"
    },
    {
        "suit": "Clubs",
        "faceValue": "9"
    },
    {
        "suit": "Clubs",
        "faceValue": "10"
    },
    {
        "suit": "Clubs",
        "faceValue": "J"
    },
    {
        "suit": "Clubs",
        "faceValue": "Q"
    },
    {
        "suit": "Clubs",
        "faceValue": "K"
    },
    {
        "suit": "Diamonds",
        "faceValue": "A"
    },
    {
        "suit": "Diamonds",
        "faceValue": "2"
    },
    {
        "suit": "Diamonds",
        "faceValue": "3"
    },
    {
        "suit": "Diamonds",
        "faceValue": "4"
    },
    {
        "suit": "Diamonds",
        "faceValue": "5"
    },
    {
        "suit": "Diamonds",
        "faceValue": "6"
    },
    {
        "suit": "Diamonds",
        "faceValue": "7"
    },
    {
        "suit": "Diamonds",
        "faceValue": "8"
    },
    {
        "suit": "Diamonds",
        "faceValue": "9"
    },
    {
        "suit": "Diamonds",
        "faceValue": "10"
    },
    {
        "suit": "Diamonds",
        "faceValue": "J"
    },
    {
        "suit": "Diamonds",
        "faceValue": "Q"
    },
    {
        "suit": "Diamonds",
        "faceValue": "K"
    },
    {
        "suit": "Spades",
        "faceValue": "A"
    },
    {
        "suit": "Spades",
        "faceValue": "2"
    },
    {
        "suit": "Spades",
        "faceValue": "3"
    },
    {
        "suit": "Spades",
        "faceValue": "4"
    },
    {
        "suit": "Spades",
        "faceValue": "5"
    },
    {
        "suit": "Spades",
        "faceValue": "6"
    },
    {
        "suit": "Spades",
        "faceValue": "7"
    },
    {
        "suit": "Spades",
        "faceValue": "8"
    },
    {
        "suit": "Spades",
        "faceValue": "9"
    },
    {
        "suit": "Spades",
        "faceValue": "10"
    },
    {
        "suit": "Spades",
        "faceValue": "J"
    },
    {
        "suit": "Spades",
        "faceValue": "Q"
    },
    {
        "suit": "Spades",
        "faceValue": "K"
    }
]
